src/hooks/useLongPress.ts(9,19): error TS2554: Expected 1 arguments, but got 0.
src/hooks/useLongPress.ts(10,18): error TS2554: Expected 1 arguments, but got 0.
supabase/functions/create-razorpay-subscription/index.ts(4,23): error TS2307: Cannot find module 'https://deno.land/std@0.177.0/http/server.ts' or its corresponding type declarations.
supabase/functions/create-razorpay-subscription/index.ts(28,27): error TS2304: Cannot find name 'Deno'.
supabase/functions/create-razorpay-subscription/index.ts(29,31): error TS2304: Cannot find name 'Deno'.
supabase/functions/razorpay-webhook/index.ts(4,23): error TS2307: Cannot find module 'https://deno.land/std@0.177.0/http/server.ts' or its corresponding type declarations.
supabase/functions/razorpay-webhook/index.ts(5,30): error TS2307: Cannot find module 'https://esm.sh/@supabase/supabase-js@2' or its corresponding type declarations.
supabase/functions/razorpay-webhook/index.ts(18,27): error TS2304: Cannot find name 'Deno'.
supabase/functions/razorpay-webhook/index.ts(19,25): error TS2304: Cannot find name 'Deno'.
supabase/functions/razorpay-webhook/index.ts(20,32): error TS2304: Cannot find name 'Deno'.
